// Jest Snapshot v1, https://goo.gl/fbAQLP

exports[`<ToDoItem/> renders component correctly 1`] = `
.c1 {
  padding: 10px 20px;
  background-color: #304FFE;
  border-radius: 8px;
  border: none;
  outline: none;
  text-align: center;
  color: #dbf6fd;
  cursor: pointer;
}

.c1:hover {
  background-color: #1E40FF;
}

.c0 {
  display: -webkit-box;
  display: -webkit-flex;
  display: -ms-flexbox;
  display: flex;
  -webkit-box-pack: justify;
  -webkit-justify-content: space-between;
  -ms-flex-pack: justify;
  justify-content: space-between;
  -webkit-align-items: center;
  -webkit-box-align: center;
  -ms-flex-align: center;
  align-items: center;
  padding: 8px 0px;
  border-bottom: 1px solid gray;
}

<div>
  <li
    class="c0"
  >
    <div>
      default text
    </div>
    <button
      class="c1"
    >
      x
    </button>
  </li>
</div>
`;
