// Jest Snapshot v1, https://goo.gl/fbAQLP

exports[`<ToDoList /> renders component correctly 1`] = `
.c0 {
  box-sizing: border-box;
  width: 100%;
  height: 100%;
  overflow-y: scroll;
  margin: auto;
  padding: 10px;
  list-style: none;
}

<div>
  <ul
    class="c0"
    data-testid="toDoList"
  />
</div>
`;
