// Jest Snapshot v1, https://goo.gl/fbAQLP

exports[`<ToDoInput/> renders component correctly 1`] = `
.c0 {
  width: 100%;
  padding: 10px 10px;
  border-radius: 8px;
  border: 1px solid #bdbdbd;
  outline: none;
}

<div>
  <input
    class="c0"
    value="default value"
  />
</div>
`;
